[0.069s] DEBUG:colcon:Command line arguments: ['/usr/bin/colcon', 'build', '--packages-select', 'ntrip_client', '--event-handlers', 'console_direct+']
[0.069s] DEBUG:colcon:Parsed command line arguments: Namespace(log_base=None, log_level=None, verb_name='build', build_base='build', install_base='install', merge_install=False, symlink_install=False, test_result_base=None, continue_on_error=False, executor='parallel', parallel_workers=16, event_handlers=['console_direct+'], ignore_user_meta=False, metas=['./colcon.meta'], base_paths=['.'], packages_ignore=None, packages_ignore_regex=None, paths=None, packages_up_to=None, packages_up_to_regex=None, packages_above=None, packages_above_and_dependencies=None, packages_above_depth=None, packages_select_by_dep=None, packages_skip_by_dep=None, packages_skip_up_to=None, packages_select_build_failed=False, packages_skip_build_finished=False, packages_select_test_failures=False, packages_skip_test_passed=False, packages_select=['ntrip_client'], packages_skip=None, packages_select_regex=None, packages_skip_regex=None, packages_start=None, packages_end=None, allow_overriding=[], cmake_args=None, cmake_target=None, cmake_target_skip_unavailable=False, cmake_clean_cache=False, cmake_clean_first=False, cmake_force_configure=False, ament_cmake_args=None, catkin_cmake_args=None, catkin_skip_building_tests=False, mixin_files=None, mixin=None, verb_parser=<colcon_mixin.mixin.mixin_argument.MixinArgumentDecorator object at 0x72f4de9a5d00>, verb_extension=<colcon_core.verb.build.BuildVerb object at 0x72f4dead5a60>, main=<bound method BuildVerb.main of <colcon_core.verb.build.BuildVerb object at 0x72f4dead5a60>>, mixin_verb=('build',))
[0.095s] Level 1:colcon.colcon_core.package_discovery:discover_packages(colcon_meta) check parameters
[0.095s] Level 1:colcon.colcon_core.package_discovery:discover_packages(recursive) check parameters
[0.095s] Level 1:colcon.colcon_core.package_discovery:discover_packages(ignore) check parameters
[0.095s] Level 1:colcon.colcon_core.package_discovery:discover_packages(path) check parameters
[0.095s] Level 1:colcon.colcon_core.package_discovery:discover_packages(colcon_meta) discover
[0.095s] Level 1:colcon.colcon_core.package_discovery:discover_packages(recursive) discover
[0.095s] INFO:colcon.colcon_core.package_discovery:Crawling recursively for packages in '/media/asher-abraham/42d2a8ed-c0c5-456c-b13f-3c6a4bcae065/home/asher/Asher/Test_WS'
[0.096s] Level 1:colcon.colcon_core.package_identification:_identify(.) by extensions ['ignore', 'ignore_ament_install']
[0.096s] Level 1:colcon.colcon_core.package_identification:_identify(.) by extension 'ignore'
[0.096s] Level 1:colcon.colcon_core.package_identification:_identify(.) by extension 'ignore_ament_install'
[0.096s] Level 1:colcon.colcon_core.package_identification:_identify(.) by extensions ['colcon_pkg']
[0.096s] Level 1:colcon.colcon_core.package_identification:_identify(.) by extension 'colcon_pkg'
[0.096s] Level 1:colcon.colcon_core.package_identification:_identify(.) by extensions ['colcon_meta']
[0.096s] Level 1:colcon.colcon_core.package_identification:_identify(.) by extension 'colcon_meta'
[0.096s] Level 1:colcon.colcon_core.package_identification:_identify(.) by extensions ['ros']
[0.096s] Level 1:colcon.colcon_core.package_identification:_identify(.) by extension 'ros'
[0.113s] Level 1:colcon.colcon_core.package_identification:_identify(.) by extensions ['cmake', 'python']
[0.114s] Level 1:colcon.colcon_core.package_identification:_identify(.) by extension 'cmake'
[0.114s] Level 1:colcon.colcon_core.package_identification:_identify(.) by extension 'python'
[0.114s] Level 1:colcon.colcon_core.package_identification:_identify(.) by extensions ['python_setup_py']
[0.114s] Level 1:colcon.colcon_core.package_identification:_identify(.) by extension 'python_setup_py'
[0.114s] Level 1:colcon.colcon_core.package_identification:_identify(build) by extensions ['ignore', 'ignore_ament_install']
[0.114s] Level 1:colcon.colcon_core.package_identification:_identify(build) by extension 'ignore'
[0.114s] Level 1:colcon.colcon_core.package_identification:_identify(build) ignored
[0.114s] Level 1:colcon.colcon_core.package_identification:_identify(install) by extensions ['ignore', 'ignore_ament_install']
[0.114s] Level 1:colcon.colcon_core.package_identification:_identify(install) by extension 'ignore'
[0.114s] Level 1:colcon.colcon_core.package_identification:_identify(install) ignored
[0.114s] Level 1:colcon.colcon_core.package_identification:_identify(log) by extensions ['ignore', 'ignore_ament_install']
[0.114s] Level 1:colcon.colcon_core.package_identification:_identify(log) by extension 'ignore'
[0.114s] Level 1:colcon.colcon_core.package_identification:_identify(log) ignored
[0.114s] Level 1:colcon.colcon_core.package_identification:_identify(src) by extensions ['ignore', 'ignore_ament_install']
[0.114s] Level 1:colcon.colcon_core.package_identification:_identify(src) by extension 'ignore'
[0.114s] Level 1:colcon.colcon_core.package_identification:_identify(src) by extension 'ignore_ament_install'
[0.114s] Level 1:colcon.colcon_core.package_identification:_identify(src) by extensions ['colcon_pkg']
[0.114s] Level 1:colcon.colcon_core.package_identification:_identify(src) by extension 'colcon_pkg'
[0.114s] Level 1:colcon.colcon_core.package_identification:_identify(src) by extensions ['colcon_meta']
[0.114s] Level 1:colcon.colcon_core.package_identification:_identify(src) by extension 'colcon_meta'
[0.114s] Level 1:colcon.colcon_core.package_identification:_identify(src) by extensions ['ros']
[0.114s] Level 1:colcon.colcon_core.package_identification:_identify(src) by extension 'ros'
[0.114s] Level 1:colcon.colcon_core.package_identification:_identify(src) by extensions ['cmake', 'python']
[0.114s] Level 1:colcon.colcon_core.package_identification:_identify(src) by extension 'cmake'
[0.114s] Level 1:colcon.colcon_core.package_identification:_identify(src) by extension 'python'
[0.114s] Level 1:colcon.colcon_core.package_identification:_identify(src) by extensions ['python_setup_py']
[0.114s] Level 1:colcon.colcon_core.package_identification:_identify(src) by extension 'python_setup_py'
[0.114s] Level 1:colcon.colcon_core.package_identification:_identify(src/ntrip_client) by extensions ['ignore', 'ignore_ament_install']
[0.115s] Level 1:colcon.colcon_core.package_identification:_identify(src/ntrip_client) by extension 'ignore'
[0.115s] Level 1:colcon.colcon_core.package_identification:_identify(src/ntrip_client) by extension 'ignore_ament_install'
[0.115s] Level 1:colcon.colcon_core.package_identification:_identify(src/ntrip_client) by extensions ['colcon_pkg']
[0.115s] Level 1:colcon.colcon_core.package_identification:_identify(src/ntrip_client) by extension 'colcon_pkg'
[0.115s] Level 1:colcon.colcon_core.package_identification:_identify(src/ntrip_client) by extensions ['colcon_meta']
[0.115s] Level 1:colcon.colcon_core.package_identification:_identify(src/ntrip_client) by extension 'colcon_meta'
[0.115s] Level 1:colcon.colcon_core.package_identification:_identify(src/ntrip_client) by extensions ['ros']
[0.115s] Level 1:colcon.colcon_core.package_identification:_identify(src/ntrip_client) by extension 'ros'
[0.116s] DEBUG:colcon.colcon_core.package_identification:Package 'src/ntrip_client' with type 'ros.ament_python' and name 'ntrip_client'
[0.116s] Level 1:colcon.colcon_core.package_discovery:discover_packages(recursive) using defaults
[0.117s] Level 1:colcon.colcon_core.package_discovery:discover_packages(ignore) discover
[0.117s] Level 1:colcon.colcon_core.package_discovery:discover_packages(ignore) using defaults
[0.117s] Level 1:colcon.colcon_core.package_discovery:discover_packages(path) discover
[0.117s] Level 1:colcon.colcon_core.package_discovery:discover_packages(path) using defaults
[0.129s] Level 1:colcon.colcon_core.package_discovery:discover_packages(prefix_path) check parameters
[0.129s] Level 1:colcon.colcon_core.package_discovery:discover_packages(prefix_path) discover
[0.130s] DEBUG:colcon.colcon_installed_package_information.package_discovery:Found 1 installed packages in /media/asher-abraham/42d2a8ed-c0c5-456c-b13f-3c6a4bcae065/home/asher/Asher/Test_WS/install
[0.131s] DEBUG:colcon.colcon_installed_package_information.package_discovery:Found 413 installed packages in /opt/ros/jazzy
[0.132s] Level 1:colcon.colcon_core.package_discovery:discover_packages(prefix_path) using defaults
[0.164s] Level 5:colcon.colcon_core.verb:set package 'ntrip_client' build argument 'cmake_args' from command line to 'None'
[0.164s] Level 5:colcon.colcon_core.verb:set package 'ntrip_client' build argument 'cmake_target' from command line to 'None'
[0.164s] Level 5:colcon.colcon_core.verb:set package 'ntrip_client' build argument 'cmake_target_skip_unavailable' from command line to 'False'
[0.164s] Level 5:colcon.colcon_core.verb:set package 'ntrip_client' build argument 'cmake_clean_cache' from command line to 'False'
[0.165s] Level 5:colcon.colcon_core.verb:set package 'ntrip_client' build argument 'cmake_clean_first' from command line to 'False'
[0.165s] Level 5:colcon.colcon_core.verb:set package 'ntrip_client' build argument 'cmake_force_configure' from command line to 'False'
[0.165s] Level 5:colcon.colcon_core.verb:set package 'ntrip_client' build argument 'ament_cmake_args' from command line to 'None'
[0.165s] Level 5:colcon.colcon_core.verb:set package 'ntrip_client' build argument 'catkin_cmake_args' from command line to 'None'
[0.165s] Level 5:colcon.colcon_core.verb:set package 'ntrip_client' build argument 'catkin_skip_building_tests' from command line to 'False'
[0.165s] DEBUG:colcon.colcon_core.verb:Building package 'ntrip_client' with the following arguments: {'ament_cmake_args': None, 'build_base': '/media/asher-abraham/42d2a8ed-c0c5-456c-b13f-3c6a4bcae065/home/asher/Asher/Test_WS/build/ntrip_client', 'catkin_cmake_args': None, 'catkin_skip_building_tests': False, 'cmake_args': None, 'cmake_clean_cache': False, 'cmake_clean_first': False, 'cmake_force_configure': False, 'cmake_target': None, 'cmake_target_skip_unavailable': False, 'install_base': '/media/asher-abraham/42d2a8ed-c0c5-456c-b13f-3c6a4bcae065/home/asher/Asher/Test_WS/install/ntrip_client', 'merge_install': False, 'path': '/media/asher-abraham/42d2a8ed-c0c5-456c-b13f-3c6a4bcae065/home/asher/Asher/Test_WS/src/ntrip_client', 'symlink_install': False, 'test_result_base': None}
[0.165s] INFO:colcon.colcon_core.executor:Executing jobs using 'parallel' executor
[0.166s] DEBUG:colcon.colcon_parallel_executor.executor.parallel:run_until_complete
[0.166s] INFO:colcon.colcon_ros.task.ament_python.build:Building ROS package in '/media/asher-abraham/42d2a8ed-c0c5-456c-b13f-3c6a4bcae065/home/asher/Asher/Test_WS/src/ntrip_client' with build type 'ament_python'
[0.166s] Level 1:colcon.colcon_core.shell:create_environment_hook('ntrip_client', 'ament_prefix_path')
[0.168s] INFO:colcon.colcon_core.plugin_system:Skipping extension 'colcon_core.shell.bat': Not used on non-Windows systems
[0.168s] INFO:colcon.colcon_core.shell:Creating environment hook '/media/asher-abraham/42d2a8ed-c0c5-456c-b13f-3c6a4bcae065/home/asher/Asher/Test_WS/install/ntrip_client/share/ntrip_client/hook/ament_prefix_path.ps1'
[0.168s] INFO:colcon.colcon_core.shell:Creating environment descriptor '/media/asher-abraham/42d2a8ed-c0c5-456c-b13f-3c6a4bcae065/home/asher/Asher/Test_WS/install/ntrip_client/share/ntrip_client/hook/ament_prefix_path.dsv'
[0.169s] INFO:colcon.colcon_core.shell:Creating environment hook '/media/asher-abraham/42d2a8ed-c0c5-456c-b13f-3c6a4bcae065/home/asher/Asher/Test_WS/install/ntrip_client/share/ntrip_client/hook/ament_prefix_path.sh'
[0.169s] INFO:colcon.colcon_core.shell:Skip shell extension 'powershell' for command environment: Not usable outside of PowerShell
[0.169s] DEBUG:colcon.colcon_core.shell:Skip shell extension 'dsv' for command environment
[0.320s] INFO:colcon.colcon_core.task.python.build:Building Python package in '/media/asher-abraham/42d2a8ed-c0c5-456c-b13f-3c6a4bcae065/home/asher/Asher/Test_WS/src/ntrip_client'
[0.320s] INFO:colcon.colcon_core.shell:Skip shell extension 'powershell' for command environment: Not usable outside of PowerShell
[0.320s] DEBUG:colcon.colcon_core.shell:Skip shell extension 'dsv' for command environment
[0.650s] DEBUG:colcon.colcon_core.task.python.build:Available setuptools commands: register, build_ext, build, test, extract_messages, install_data, bdist, bdist_egg, saveopts, install_lib, editable_wheel, install_egg_info, egg_info, build_scripts, install_scripts, rotate, check, dist_info, upload_docs, bdist_rpm, easy_install, alias, setopt, update_catalog, bdist_dumb, bdist_wheel, develop, clean, install, upload, init_catalog, build_py, install_headers, sdist, symlink_data, build_clib, compile_catalog
[0.651s] DEBUG:colcon.colcon_core.event_handler.log_command:Invoking command in '/media/asher-abraham/42d2a8ed-c0c5-456c-b13f-3c6a4bcae065/home/asher/Asher/Test_WS/src/ntrip_client': DEBUGINFOD_URLS=https://debuginfod.ubuntu.com PYTHONPATH=/media/asher-abraham/42d2a8ed-c0c5-456c-b13f-3c6a4bcae065/home/asher/Asher/Test_WS/build/ntrip_client/prefix_override:/usr/lib/python3/dist-packages/colcon_core/task/python/colcon_distutils_commands:/media/asher-abraham/42d2a8ed-c0c5-456c-b13f-3c6a4bcae065/home/asher/Asher/Test_WS/install/ntrip_client/lib/python3.12/site-packages:${PYTHONPATH} /usr/bin/python3 -W ignore:setup.py install is deprecated -W ignore:easy_install command is deprecated setup.py egg_info --egg-base ../../build/ntrip_client build --build-base /media/asher-abraham/42d2a8ed-c0c5-456c-b13f-3c6a4bcae065/home/asher/Asher/Test_WS/build/ntrip_client/build install --record /media/asher-abraham/42d2a8ed-c0c5-456c-b13f-3c6a4bcae065/home/asher/Asher/Test_WS/build/ntrip_client/install.log --install-scripts $base/lib/ntrip_client --single-version-externally-managed install_data
[0.920s] DEBUG:colcon.colcon_core.event_handler.log_command:Invoked command in '/media/asher-abraham/42d2a8ed-c0c5-456c-b13f-3c6a4bcae065/home/asher/Asher/Test_WS/src/ntrip_client' returned '0': DEBUGINFOD_URLS=https://debuginfod.ubuntu.com PYTHONPATH=/media/asher-abraham/42d2a8ed-c0c5-456c-b13f-3c6a4bcae065/home/asher/Asher/Test_WS/build/ntrip_client/prefix_override:/usr/lib/python3/dist-packages/colcon_core/task/python/colcon_distutils_commands:/media/asher-abraham/42d2a8ed-c0c5-456c-b13f-3c6a4bcae065/home/asher/Asher/Test_WS/install/ntrip_client/lib/python3.12/site-packages:${PYTHONPATH} /usr/bin/python3 -W ignore:setup.py install is deprecated -W ignore:easy_install command is deprecated setup.py egg_info --egg-base ../../build/ntrip_client build --build-base /media/asher-abraham/42d2a8ed-c0c5-456c-b13f-3c6a4bcae065/home/asher/Asher/Test_WS/build/ntrip_client/build install --record /media/asher-abraham/42d2a8ed-c0c5-456c-b13f-3c6a4bcae065/home/asher/Asher/Test_WS/build/ntrip_client/install.log --install-scripts $base/lib/ntrip_client --single-version-externally-managed install_data
[0.921s] Level 1:colcon.colcon_core.environment:checking '/media/asher-abraham/42d2a8ed-c0c5-456c-b13f-3c6a4bcae065/home/asher/Asher/Test_WS/install/ntrip_client' for CMake module files
[0.922s] Level 1:colcon.colcon_core.environment:checking '/media/asher-abraham/42d2a8ed-c0c5-456c-b13f-3c6a4bcae065/home/asher/Asher/Test_WS/install/ntrip_client' for CMake config files
[0.922s] Level 1:colcon.colcon_core.environment:checking '/media/asher-abraham/42d2a8ed-c0c5-456c-b13f-3c6a4bcae065/home/asher/Asher/Test_WS/install/ntrip_client/lib'
[0.922s] Level 1:colcon.colcon_core.environment:checking '/media/asher-abraham/42d2a8ed-c0c5-456c-b13f-3c6a4bcae065/home/asher/Asher/Test_WS/install/ntrip_client/bin'
[0.922s] Level 1:colcon.colcon_core.environment:checking '/media/asher-abraham/42d2a8ed-c0c5-456c-b13f-3c6a4bcae065/home/asher/Asher/Test_WS/install/ntrip_client/lib/pkgconfig/ntrip_client.pc'
[0.922s] Level 1:colcon.colcon_core.environment:checking '/media/asher-abraham/42d2a8ed-c0c5-456c-b13f-3c6a4bcae065/home/asher/Asher/Test_WS/install/ntrip_client/lib/python3.12/site-packages'
[0.922s] Level 1:colcon.colcon_core.shell:create_environment_hook('ntrip_client', 'pythonpath')
[0.923s] INFO:colcon.colcon_core.shell:Creating environment hook '/media/asher-abraham/42d2a8ed-c0c5-456c-b13f-3c6a4bcae065/home/asher/Asher/Test_WS/install/ntrip_client/share/ntrip_client/hook/pythonpath.ps1'
[0.923s] INFO:colcon.colcon_core.shell:Creating environment descriptor '/media/asher-abraham/42d2a8ed-c0c5-456c-b13f-3c6a4bcae065/home/asher/Asher/Test_WS/install/ntrip_client/share/ntrip_client/hook/pythonpath.dsv'
[0.923s] INFO:colcon.colcon_core.shell:Creating environment hook '/media/asher-abraham/42d2a8ed-c0c5-456c-b13f-3c6a4bcae065/home/asher/Asher/Test_WS/install/ntrip_client/share/ntrip_client/hook/pythonpath.sh'
[0.923s] Level 1:colcon.colcon_core.environment:checking '/media/asher-abraham/42d2a8ed-c0c5-456c-b13f-3c6a4bcae065/home/asher/Asher/Test_WS/install/ntrip_client/bin'
[0.923s] Level 1:colcon.colcon_core.environment:create_environment_scripts_only(ntrip_client)
[0.924s] INFO:colcon.colcon_core.shell:Creating package script '/media/asher-abraham/42d2a8ed-c0c5-456c-b13f-3c6a4bcae065/home/asher/Asher/Test_WS/install/ntrip_client/share/ntrip_client/package.ps1'
[0.924s] INFO:colcon.colcon_core.shell:Creating package descriptor '/media/asher-abraham/42d2a8ed-c0c5-456c-b13f-3c6a4bcae065/home/asher/Asher/Test_WS/install/ntrip_client/share/ntrip_client/package.dsv'
[0.924s] INFO:colcon.colcon_core.shell:Creating package script '/media/asher-abraham/42d2a8ed-c0c5-456c-b13f-3c6a4bcae065/home/asher/Asher/Test_WS/install/ntrip_client/share/ntrip_client/package.sh'
[0.925s] INFO:colcon.colcon_core.shell:Creating package script '/media/asher-abraham/42d2a8ed-c0c5-456c-b13f-3c6a4bcae065/home/asher/Asher/Test_WS/install/ntrip_client/share/ntrip_client/package.bash'
[0.925s] INFO:colcon.colcon_core.shell:Creating package script '/media/asher-abraham/42d2a8ed-c0c5-456c-b13f-3c6a4bcae065/home/asher/Asher/Test_WS/install/ntrip_client/share/ntrip_client/package.zsh'
[0.925s] Level 1:colcon.colcon_core.environment:create_file_with_runtime_dependencies(/media/asher-abraham/42d2a8ed-c0c5-456c-b13f-3c6a4bcae065/home/asher/Asher/Test_WS/install/ntrip_client/share/colcon-core/packages/ntrip_client)
[0.925s] DEBUG:colcon.colcon_parallel_executor.executor.parallel:closing loop
[0.926s] DEBUG:colcon.colcon_parallel_executor.executor.parallel:loop closed
[0.926s] DEBUG:colcon.colcon_parallel_executor.executor.parallel:run_until_complete finished with '0'
[0.926s] DEBUG:colcon.colcon_core.event_reactor:joining thread
[0.929s] INFO:colcon.colcon_core.plugin_system:Skipping extension 'colcon_notification.desktop_notification.terminal_notifier': Not used on non-Darwin systems
[0.929s] INFO:colcon.colcon_core.plugin_system:Skipping extension 'colcon_notification.desktop_notification.win32': Not used on non-Windows systems
[0.929s] INFO:colcon.colcon_notification.desktop_notification:Sending desktop notification using 'notify2'
[0.936s] DEBUG:colcon.colcon_core.event_reactor:joined thread
[0.936s] INFO:colcon.colcon_core.shell:Creating prefix script '/media/asher-abraham/42d2a8ed-c0c5-456c-b13f-3c6a4bcae065/home/asher/Asher/Test_WS/install/local_setup.ps1'
[0.937s] INFO:colcon.colcon_core.shell:Creating prefix util module '/media/asher-abraham/42d2a8ed-c0c5-456c-b13f-3c6a4bcae065/home/asher/Asher/Test_WS/install/_local_setup_util_ps1.py'
[0.938s] INFO:colcon.colcon_core.shell:Creating prefix chain script '/media/asher-abraham/42d2a8ed-c0c5-456c-b13f-3c6a4bcae065/home/asher/Asher/Test_WS/install/setup.ps1'
[0.938s] INFO:colcon.colcon_core.shell:Creating prefix script '/media/asher-abraham/42d2a8ed-c0c5-456c-b13f-3c6a4bcae065/home/asher/Asher/Test_WS/install/local_setup.sh'
[0.938s] INFO:colcon.colcon_core.shell:Creating prefix util module '/media/asher-abraham/42d2a8ed-c0c5-456c-b13f-3c6a4bcae065/home/asher/Asher/Test_WS/install/_local_setup_util_sh.py'
[0.939s] INFO:colcon.colcon_core.shell:Creating prefix chain script '/media/asher-abraham/42d2a8ed-c0c5-456c-b13f-3c6a4bcae065/home/asher/Asher/Test_WS/install/setup.sh'
[0.939s] INFO:colcon.colcon_core.shell:Creating prefix script '/media/asher-abraham/42d2a8ed-c0c5-456c-b13f-3c6a4bcae065/home/asher/Asher/Test_WS/install/local_setup.bash'
[0.940s] INFO:colcon.colcon_core.shell:Creating prefix chain script '/media/asher-abraham/42d2a8ed-c0c5-456c-b13f-3c6a4bcae065/home/asher/Asher/Test_WS/install/setup.bash'
[0.940s] INFO:colcon.colcon_core.shell:Creating prefix script '/media/asher-abraham/42d2a8ed-c0c5-456c-b13f-3c6a4bcae065/home/asher/Asher/Test_WS/install/local_setup.zsh'
[0.940s] INFO:colcon.colcon_core.shell:Creating prefix chain script '/media/asher-abraham/42d2a8ed-c0c5-456c-b13f-3c6a4bcae065/home/asher/Asher/Test_WS/install/setup.zsh'
