[0.471s] Invoking command in '/media/asher-abraham/42d2a8ed-c0c5-456c-b13f-3c6a4bcae065/home/asher/Asher/Test_WS/src/ntrip_client': DEBUGINFOD_URLS=https://debuginfod.ubuntu.com PYTHONPATH=/media/asher-abraham/42d2a8ed-c0c5-456c-b13f-3c6a4bcae065/home/asher/Asher/Test_WS/build/ntrip_client/prefix_override:/usr/lib/python3/dist-packages/colcon_core/task/python/colcon_distutils_commands:/media/asher-abraham/42d2a8ed-c0c5-456c-b13f-3c6a4bcae065/home/asher/Asher/Test_WS/install/ntrip_client/lib/python3.12/site-packages:${PYTHONPATH} /usr/bin/python3 -W ignore:setup.py install is deprecated -W ignore:easy_install command is deprecated setup.py egg_info --egg-base ../../build/ntrip_client build --build-base /media/asher-abraham/42d2a8ed-c0c5-456c-b13f-3c6a4bcae065/home/asher/Asher/Test_WS/build/ntrip_client/build install --record /media/asher-abraham/42d2a8ed-c0c5-456c-b13f-3c6a4bcae065/home/asher/Asher/Test_WS/build/ntrip_client/install.log --install-scripts $base/lib/ntrip_client --single-version-externally-managed install_data
[0.600s] running egg_info
[0.608s] writing ../../build/ntrip_client/ntrip_client.egg-info/PKG-INFO
[0.608s] writing dependency_links to ../../build/ntrip_client/ntrip_client.egg-info/dependency_links.txt
[0.608s] writing entry points to ../../build/ntrip_client/ntrip_client.egg-info/entry_points.txt
[0.608s] writing requirements to ../../build/ntrip_client/ntrip_client.egg-info/requires.txt
[0.608s] writing top-level names to ../../build/ntrip_client/ntrip_client.egg-info/top_level.txt
[0.626s] reading manifest file '../../build/ntrip_client/ntrip_client.egg-info/SOURCES.txt'
[0.627s] writing manifest file '../../build/ntrip_client/ntrip_client.egg-info/SOURCES.txt'
[0.627s] running build
[0.627s] running build_py
[0.627s] copying ntrip_client/ntrip_node.py -> /media/asher-abraham/42d2a8ed-c0c5-456c-b13f-3c6a4bcae065/home/asher/Asher/Test_WS/build/ntrip_client/build/lib/ntrip_client
[0.627s] copying ntrip_client/simulated_gps_node.py -> /media/asher-abraham/42d2a8ed-c0c5-456c-b13f-3c6a4bcae065/home/asher/Asher/Test_WS/build/ntrip_client/build/lib/ntrip_client
[0.627s] running install
[0.631s] running install_lib
[0.640s] copying /media/asher-abraham/42d2a8ed-c0c5-456c-b13f-3c6a4bcae065/home/asher/Asher/Test_WS/build/ntrip_client/build/lib/ntrip_client/ntrip_node.py -> /media/asher-abraham/42d2a8ed-c0c5-456c-b13f-3c6a4bcae065/home/asher/Asher/Test_WS/install/ntrip_client/lib/python3.12/site-packages/ntrip_client
[0.640s] copying /media/asher-abraham/42d2a8ed-c0c5-456c-b13f-3c6a4bcae065/home/asher/Asher/Test_WS/build/ntrip_client/build/lib/ntrip_client/simulated_gps_node.py -> /media/asher-abraham/42d2a8ed-c0c5-456c-b13f-3c6a4bcae065/home/asher/Asher/Test_WS/install/ntrip_client/lib/python3.12/site-packages/ntrip_client
[0.641s] byte-compiling /media/asher-abraham/42d2a8ed-c0c5-456c-b13f-3c6a4bcae065/home/asher/Asher/Test_WS/install/ntrip_client/lib/python3.12/site-packages/ntrip_client/ntrip_node.py to ntrip_node.cpython-312.pyc
[0.642s] byte-compiling /media/asher-abraham/42d2a8ed-c0c5-456c-b13f-3c6a4bcae065/home/asher/Asher/Test_WS/install/ntrip_client/lib/python3.12/site-packages/ntrip_client/simulated_gps_node.py to simulated_gps_node.cpython-312.pyc
[0.643s] running install_data
[0.643s] running install_egg_info
[0.653s] removing '/media/asher-abraham/42d2a8ed-c0c5-456c-b13f-3c6a4bcae065/home/asher/Asher/Test_WS/install/ntrip_client/lib/python3.12/site-packages/ntrip_client-0.0.0-py3.12.egg-info' (and everything under it)
[0.653s] Copying ../../build/ntrip_client/ntrip_client.egg-info to /media/asher-abraham/42d2a8ed-c0c5-456c-b13f-3c6a4bcae065/home/asher/Asher/Test_WS/install/ntrip_client/lib/python3.12/site-packages/ntrip_client-0.0.0-py3.12.egg-info
[0.653s] running install_scripts
[0.716s] Installing ntrip_node script to /media/asher-abraham/42d2a8ed-c0c5-456c-b13f-3c6a4bcae065/home/asher/Asher/Test_WS/install/ntrip_client/lib/ntrip_client
[0.716s] Installing simulated_gps_node script to /media/asher-abraham/42d2a8ed-c0c5-456c-b13f-3c6a4bcae065/home/asher/Asher/Test_WS/install/ntrip_client/lib/ntrip_client
[0.716s] writing list of installed files to '/media/asher-abraham/42d2a8ed-c0c5-456c-b13f-3c6a4bcae065/home/asher/Asher/Test_WS/build/ntrip_client/install.log'
[0.741s] Invoked command in '/media/asher-abraham/42d2a8ed-c0c5-456c-b13f-3c6a4bcae065/home/asher/Asher/Test_WS/src/ntrip_client' returned '0': DEBUGINFOD_URLS=https://debuginfod.ubuntu.com PYTHONPATH=/media/asher-abraham/42d2a8ed-c0c5-456c-b13f-3c6a4bcae065/home/asher/Asher/Test_WS/build/ntrip_client/prefix_override:/usr/lib/python3/dist-packages/colcon_core/task/python/colcon_distutils_commands:/media/asher-abraham/42d2a8ed-c0c5-456c-b13f-3c6a4bcae065/home/asher/Asher/Test_WS/install/ntrip_client/lib/python3.12/site-packages:${PYTHONPATH} /usr/bin/python3 -W ignore:setup.py install is deprecated -W ignore:easy_install command is deprecated setup.py egg_info --egg-base ../../build/ntrip_client build --build-base /media/asher-abraham/42d2a8ed-c0c5-456c-b13f-3c6a4bcae065/home/asher/Asher/Test_WS/build/ntrip_client/build install --record /media/asher-abraham/42d2a8ed-c0c5-456c-b13f-3c6a4bcae065/home/asher/Asher/Test_WS/build/ntrip_client/install.log --install-scripts $base/lib/ntrip_client --single-version-externally-managed install_data
