[0.894s] Invoking command in '/media/asher-abraham/42d2a8ed-c0c5-456c-b13f-3c6a4bcae065/home/asher/Asher/Test_WS/build/nmea_navsat_driver': DEBUGINFOD_URLS=https://debuginfod.ubuntu.com PYTHONPATH=/media/asher-abraham/42d2a8ed-c0c5-456c-b13f-3c6a4bcae065/home/asher/Asher/Test_WS/build/nmea_navsat_driver/prefix_override:/usr/lib/python3/dist-packages/colcon_core/task/python/colcon_distutils_commands:/media/asher-abraham/42d2a8ed-c0c5-456c-b13f-3c6a4bcae065/home/asher/Asher/Test_WS/install/nmea_navsat_driver/lib/python3.12/site-packages:${PYTHONPATH} /usr/bin/python3 -W ignore:setup.py install is deprecated -W ignore:easy_install command is deprecated setup.py develop --editable --build-directory /media/asher-abraham/42d2a8ed-c0c5-456c-b13f-3c6a4bcae065/home/asher/Asher/Test_WS/build/nmea_navsat_driver/build --no-deps symlink_data
[1.074s] running develop
[1.176s] running egg_info
[1.186s] writing src/nmea_navsat_driver.egg-info/PKG-INFO
[1.186s] writing dependency_links to src/nmea_navsat_driver.egg-info/dependency_links.txt
[1.186s] writing entry points to src/nmea_navsat_driver.egg-info/entry_points.txt
[1.186s] writing requirements to src/nmea_navsat_driver.egg-info/requires.txt
[1.186s] writing top-level names to src/nmea_navsat_driver.egg-info/top_level.txt
[1.205s] reading manifest file 'src/nmea_navsat_driver.egg-info/SOURCES.txt'
[1.206s] writing manifest file 'src/nmea_navsat_driver.egg-info/SOURCES.txt'
[1.217s] running build_ext
[1.217s] Creating /media/asher-abraham/42d2a8ed-c0c5-456c-b13f-3c6a4bcae065/home/asher/Asher/Test_WS/install/nmea_navsat_driver/lib/python3.12/site-packages/nmea-navsat-driver.egg-link (link to src)
[1.218s] Installing nmea_serial_driver script to /media/asher-abraham/42d2a8ed-c0c5-456c-b13f-3c6a4bcae065/home/asher/Asher/Test_WS/install/nmea_navsat_driver/lib/nmea_navsat_driver
[1.218s] Installing nmea_socket_driver script to /media/asher-abraham/42d2a8ed-c0c5-456c-b13f-3c6a4bcae065/home/asher/Asher/Test_WS/install/nmea_navsat_driver/lib/nmea_navsat_driver
[1.218s] Installing nmea_tcpclient_driver script to /media/asher-abraham/42d2a8ed-c0c5-456c-b13f-3c6a4bcae065/home/asher/Asher/Test_WS/install/nmea_navsat_driver/lib/nmea_navsat_driver
[1.218s] Installing nmea_topic_driver script to /media/asher-abraham/42d2a8ed-c0c5-456c-b13f-3c6a4bcae065/home/asher/Asher/Test_WS/install/nmea_navsat_driver/lib/nmea_navsat_driver
[1.218s] Installing nmea_topic_serial_reader script to /media/asher-abraham/42d2a8ed-c0c5-456c-b13f-3c6a4bcae065/home/asher/Asher/Test_WS/install/nmea_navsat_driver/lib/nmea_navsat_driver
[1.218s] 
[1.218s] Installed /media/asher-abraham/42d2a8ed-c0c5-456c-b13f-3c6a4bcae065/home/asher/Asher/Test_WS/build/nmea_navsat_driver/src
[1.218s] running symlink_data
[1.244s] Invoked command in '/media/asher-abraham/42d2a8ed-c0c5-456c-b13f-3c6a4bcae065/home/asher/Asher/Test_WS/build/nmea_navsat_driver' returned '0': DEBUGINFOD_URLS=https://debuginfod.ubuntu.com PYTHONPATH=/media/asher-abraham/42d2a8ed-c0c5-456c-b13f-3c6a4bcae065/home/asher/Asher/Test_WS/build/nmea_navsat_driver/prefix_override:/usr/lib/python3/dist-packages/colcon_core/task/python/colcon_distutils_commands:/media/asher-abraham/42d2a8ed-c0c5-456c-b13f-3c6a4bcae065/home/asher/Asher/Test_WS/install/nmea_navsat_driver/lib/python3.12/site-packages:${PYTHONPATH} /usr/bin/python3 -W ignore:setup.py install is deprecated -W ignore:easy_install command is deprecated setup.py develop --editable --build-directory /media/asher-abraham/42d2a8ed-c0c5-456c-b13f-3c6a4bcae065/home/asher/Asher/Test_WS/build/nmea_navsat_driver/build --no-deps symlink_data
