running develop
Removing /media/asher-abraham/42d2a8ed-c0c5-456c-b13f-3c6a4bcae065/home/asher/Asher/Test_WS/install/ntrip_client/lib/python3.12/site-packages/ntrip-client.egg-link (link to .)
running egg_info
writing ../../build/ntrip_client/ntrip_client.egg-info/PKG-INFO
writing dependency_links to ../../build/ntrip_client/ntrip_client.egg-info/dependency_links.txt
writing entry points to ../../build/ntrip_client/ntrip_client.egg-info/entry_points.txt
writing requirements to ../../build/ntrip_client/ntrip_client.egg-info/requires.txt
writing top-level names to ../../build/ntrip_client/ntrip_client.egg-info/top_level.txt
reading manifest file '../../build/ntrip_client/ntrip_client.egg-info/SOURCES.txt'
writing manifest file '../../build/ntrip_client/ntrip_client.egg-info/SOURCES.txt'
running build
running build_py
creating /media/asher-abraham/42d2a8ed-c0c5-456c-b13f-3c6a4bcae065/home/asher/Asher/Test_WS/build/ntrip_client/build
creating /media/asher-abraham/42d2a8ed-c0c5-456c-b13f-3c6a4bcae065/home/asher/Asher/Test_WS/build/ntrip_client/build/lib
creating /media/asher-abraham/42d2a8ed-c0c5-456c-b13f-3c6a4bcae065/home/asher/Asher/Test_WS/build/ntrip_client/build/lib/ntrip_client
copying ntrip_client/__init__.py -> /media/asher-abraham/42d2a8ed-c0c5-456c-b13f-3c6a4bcae065/home/asher/Asher/Test_WS/build/ntrip_client/build/lib/ntrip_client
copying ntrip_client/ntrip_node.py -> /media/asher-abraham/42d2a8ed-c0c5-456c-b13f-3c6a4bcae065/home/asher/Asher/Test_WS/build/ntrip_client/build/lib/ntrip_client
copying ntrip_client/simulated_gps_node.py -> /media/asher-abraham/42d2a8ed-c0c5-456c-b13f-3c6a4bcae065/home/asher/Asher/Test_WS/build/ntrip_client/build/lib/ntrip_client
running install
running install_lib
creating /media/asher-abraham/42d2a8ed-c0c5-456c-b13f-3c6a4bcae065/home/asher/Asher/Test_WS/install/ntrip_client/lib/python3.12/site-packages/ntrip_client
copying /media/asher-abraham/42d2a8ed-c0c5-456c-b13f-3c6a4bcae065/home/asher/Asher/Test_WS/build/ntrip_client/build/lib/ntrip_client/__init__.py -> /media/asher-abraham/42d2a8ed-c0c5-456c-b13f-3c6a4bcae065/home/asher/Asher/Test_WS/install/ntrip_client/lib/python3.12/site-packages/ntrip_client
copying /media/asher-abraham/42d2a8ed-c0c5-456c-b13f-3c6a4bcae065/home/asher/Asher/Test_WS/build/ntrip_client/build/lib/ntrip_client/ntrip_node.py -> /media/asher-abraham/42d2a8ed-c0c5-456c-b13f-3c6a4bcae065/home/asher/Asher/Test_WS/install/ntrip_client/lib/python3.12/site-packages/ntrip_client
copying /media/asher-abraham/42d2a8ed-c0c5-456c-b13f-3c6a4bcae065/home/asher/Asher/Test_WS/build/ntrip_client/build/lib/ntrip_client/simulated_gps_node.py -> /media/asher-abraham/42d2a8ed-c0c5-456c-b13f-3c6a4bcae065/home/asher/Asher/Test_WS/install/ntrip_client/lib/python3.12/site-packages/ntrip_client
byte-compiling /media/asher-abraham/42d2a8ed-c0c5-456c-b13f-3c6a4bcae065/home/asher/Asher/Test_WS/install/ntrip_client/lib/python3.12/site-packages/ntrip_client/__init__.py to __init__.cpython-312.pyc
byte-compiling /media/asher-abraham/42d2a8ed-c0c5-456c-b13f-3c6a4bcae065/home/asher/Asher/Test_WS/install/ntrip_client/lib/python3.12/site-packages/ntrip_client/ntrip_node.py to ntrip_node.cpython-312.pyc
byte-compiling /media/asher-abraham/42d2a8ed-c0c5-456c-b13f-3c6a4bcae065/home/asher/Asher/Test_WS/install/ntrip_client/lib/python3.12/site-packages/ntrip_client/simulated_gps_node.py to simulated_gps_node.cpython-312.pyc
running install_data
copying resource/ntrip_client -> /media/asher-abraham/42d2a8ed-c0c5-456c-b13f-3c6a4bcae065/home/asher/Asher/Test_WS/install/ntrip_client/share/ament_index/resource_index/packages
copying package.xml -> /media/asher-abraham/42d2a8ed-c0c5-456c-b13f-3c6a4bcae065/home/asher/Asher/Test_WS/install/ntrip_client/share/ntrip_client
copying launch/ntrip.launch.py -> /media/asher-abraham/42d2a8ed-c0c5-456c-b13f-3c6a4bcae065/home/asher/Asher/Test_WS/install/ntrip_client/share/ntrip_client/launch
running install_egg_info
Copying ../../build/ntrip_client/ntrip_client.egg-info to /media/asher-abraham/42d2a8ed-c0c5-456c-b13f-3c6a4bcae065/home/asher/Asher/Test_WS/install/ntrip_client/lib/python3.12/site-packages/ntrip_client-0.0.0-py3.12.egg-info
running install_scripts
Installing ntrip_node script to /media/asher-abraham/42d2a8ed-c0c5-456c-b13f-3c6a4bcae065/home/asher/Asher/Test_WS/install/ntrip_client/lib/ntrip_client
Installing simulated_gps_node script to /media/asher-abraham/42d2a8ed-c0c5-456c-b13f-3c6a4bcae065/home/asher/Asher/Test_WS/install/ntrip_client/lib/ntrip_client
writing list of installed files to '/media/asher-abraham/42d2a8ed-c0c5-456c-b13f-3c6a4bcae065/home/asher/Asher/Test_WS/build/ntrip_client/install.log'
