[0.456s] Invoking command in '/media/asher-abraham/42d2a8ed-c0c5-456c-b13f-3c6a4bcae065/home/asher/Asher/Test_WS/build/ntrip_client': DEBUGINFOD_URLS=https://debuginfod.ubuntu.com PYTHONPATH=/media/asher-abraham/42d2a8ed-c0c5-456c-b13f-3c6a4bcae065/home/asher/Asher/Test_WS/build/ntrip_client/prefix_override:/usr/lib/python3/dist-packages/colcon_core/task/python/colcon_distutils_commands:/media/asher-abraham/42d2a8ed-c0c5-456c-b13f-3c6a4bcae065/home/asher/Asher/Test_WS/install/ntrip_client/lib/python3.12/site-packages:${PYTHONPATH} /usr/bin/python3 -W ignore:setup.py install is deprecated -W ignore:easy_install command is deprecated setup.py develop --uninstall --editable --build-directory /media/asher-abraham/42d2a8ed-c0c5-456c-b13f-3c6a4bcae065/home/asher/Asher/Test_WS/build/ntrip_client/build
[0.600s] running develop
[0.687s] Removing /media/asher-abraham/42d2a8ed-c0c5-456c-b13f-3c6a4bcae065/home/asher/Asher/Test_WS/install/ntrip_client/lib/python3.12/site-packages/ntrip-client.egg-link (link to .)
[0.716s] Invoked command in '/media/asher-abraham/42d2a8ed-c0c5-456c-b13f-3c6a4bcae065/home/asher/Asher/Test_WS/build/ntrip_client' returned '0': DEBUGINFOD_URLS=https://debuginfod.ubuntu.com PYTHONPATH=/media/asher-abraham/42d2a8ed-c0c5-456c-b13f-3c6a4bcae065/home/asher/Asher/Test_WS/build/ntrip_client/prefix_override:/usr/lib/python3/dist-packages/colcon_core/task/python/colcon_distutils_commands:/media/asher-abraham/42d2a8ed-c0c5-456c-b13f-3c6a4bcae065/home/asher/Asher/Test_WS/install/ntrip_client/lib/python3.12/site-packages:${PYTHONPATH} /usr/bin/python3 -W ignore:setup.py install is deprecated -W ignore:easy_install command is deprecated setup.py develop --uninstall --editable --build-directory /media/asher-abraham/42d2a8ed-c0c5-456c-b13f-3c6a4bcae065/home/asher/Asher/Test_WS/build/ntrip_client/build
[0.717s] Invoking command in '/media/asher-abraham/42d2a8ed-c0c5-456c-b13f-3c6a4bcae065/home/asher/Asher/Test_WS/src/ntrip_client': DEBUGINFOD_URLS=https://debuginfod.ubuntu.com PYTHONPATH=/media/asher-abraham/42d2a8ed-c0c5-456c-b13f-3c6a4bcae065/home/asher/Asher/Test_WS/build/ntrip_client/prefix_override:/usr/lib/python3/dist-packages/colcon_core/task/python/colcon_distutils_commands:/media/asher-abraham/42d2a8ed-c0c5-456c-b13f-3c6a4bcae065/home/asher/Asher/Test_WS/install/ntrip_client/lib/python3.12/site-packages:${PYTHONPATH} /usr/bin/python3 -W ignore:setup.py install is deprecated -W ignore:easy_install command is deprecated setup.py egg_info --egg-base ../../build/ntrip_client build --build-base /media/asher-abraham/42d2a8ed-c0c5-456c-b13f-3c6a4bcae065/home/asher/Asher/Test_WS/build/ntrip_client/build install --record /media/asher-abraham/42d2a8ed-c0c5-456c-b13f-3c6a4bcae065/home/asher/Asher/Test_WS/build/ntrip_client/install.log --install-scripts $base/lib/ntrip_client --single-version-externally-managed install_data --force
[0.850s] running egg_info
[0.859s] writing ../../build/ntrip_client/ntrip_client.egg-info/PKG-INFO
[0.860s] writing dependency_links to ../../build/ntrip_client/ntrip_client.egg-info/dependency_links.txt
[0.860s] writing entry points to ../../build/ntrip_client/ntrip_client.egg-info/entry_points.txt
[0.860s] writing requirements to ../../build/ntrip_client/ntrip_client.egg-info/requires.txt
[0.860s] writing top-level names to ../../build/ntrip_client/ntrip_client.egg-info/top_level.txt
[0.879s] reading manifest file '../../build/ntrip_client/ntrip_client.egg-info/SOURCES.txt'
[0.880s] writing manifest file '../../build/ntrip_client/ntrip_client.egg-info/SOURCES.txt'
[0.880s] running build
[0.880s] running build_py
[0.880s] creating /media/asher-abraham/42d2a8ed-c0c5-456c-b13f-3c6a4bcae065/home/asher/Asher/Test_WS/build/ntrip_client/build
[0.880s] creating /media/asher-abraham/42d2a8ed-c0c5-456c-b13f-3c6a4bcae065/home/asher/Asher/Test_WS/build/ntrip_client/build/lib
[0.880s] creating /media/asher-abraham/42d2a8ed-c0c5-456c-b13f-3c6a4bcae065/home/asher/Asher/Test_WS/build/ntrip_client/build/lib/ntrip_client
[0.880s] copying ntrip_client/__init__.py -> /media/asher-abraham/42d2a8ed-c0c5-456c-b13f-3c6a4bcae065/home/asher/Asher/Test_WS/build/ntrip_client/build/lib/ntrip_client
[0.880s] copying ntrip_client/ntrip_node.py -> /media/asher-abraham/42d2a8ed-c0c5-456c-b13f-3c6a4bcae065/home/asher/Asher/Test_WS/build/ntrip_client/build/lib/ntrip_client
[0.880s] copying ntrip_client/simulated_gps_node.py -> /media/asher-abraham/42d2a8ed-c0c5-456c-b13f-3c6a4bcae065/home/asher/Asher/Test_WS/build/ntrip_client/build/lib/ntrip_client
[0.880s] running install
[0.884s] running install_lib
[0.895s] creating /media/asher-abraham/42d2a8ed-c0c5-456c-b13f-3c6a4bcae065/home/asher/Asher/Test_WS/install/ntrip_client/lib/python3.12/site-packages/ntrip_client
[0.895s] copying /media/asher-abraham/42d2a8ed-c0c5-456c-b13f-3c6a4bcae065/home/asher/Asher/Test_WS/build/ntrip_client/build/lib/ntrip_client/__init__.py -> /media/asher-abraham/42d2a8ed-c0c5-456c-b13f-3c6a4bcae065/home/asher/Asher/Test_WS/install/ntrip_client/lib/python3.12/site-packages/ntrip_client
[0.895s] copying /media/asher-abraham/42d2a8ed-c0c5-456c-b13f-3c6a4bcae065/home/asher/Asher/Test_WS/build/ntrip_client/build/lib/ntrip_client/ntrip_node.py -> /media/asher-abraham/42d2a8ed-c0c5-456c-b13f-3c6a4bcae065/home/asher/Asher/Test_WS/install/ntrip_client/lib/python3.12/site-packages/ntrip_client
[0.895s] copying /media/asher-abraham/42d2a8ed-c0c5-456c-b13f-3c6a4bcae065/home/asher/Asher/Test_WS/build/ntrip_client/build/lib/ntrip_client/simulated_gps_node.py -> /media/asher-abraham/42d2a8ed-c0c5-456c-b13f-3c6a4bcae065/home/asher/Asher/Test_WS/install/ntrip_client/lib/python3.12/site-packages/ntrip_client
[0.895s] byte-compiling /media/asher-abraham/42d2a8ed-c0c5-456c-b13f-3c6a4bcae065/home/asher/Asher/Test_WS/install/ntrip_client/lib/python3.12/site-packages/ntrip_client/__init__.py to __init__.cpython-312.pyc
[0.895s] byte-compiling /media/asher-abraham/42d2a8ed-c0c5-456c-b13f-3c6a4bcae065/home/asher/Asher/Test_WS/install/ntrip_client/lib/python3.12/site-packages/ntrip_client/ntrip_node.py to ntrip_node.cpython-312.pyc
[0.897s] byte-compiling /media/asher-abraham/42d2a8ed-c0c5-456c-b13f-3c6a4bcae065/home/asher/Asher/Test_WS/install/ntrip_client/lib/python3.12/site-packages/ntrip_client/simulated_gps_node.py to simulated_gps_node.cpython-312.pyc
[0.898s] running install_data
[0.898s] copying resource/ntrip_client -> /media/asher-abraham/42d2a8ed-c0c5-456c-b13f-3c6a4bcae065/home/asher/Asher/Test_WS/install/ntrip_client/share/ament_index/resource_index/packages
[0.898s] copying package.xml -> /media/asher-abraham/42d2a8ed-c0c5-456c-b13f-3c6a4bcae065/home/asher/Asher/Test_WS/install/ntrip_client/share/ntrip_client
[0.898s] copying launch/ntrip.launch.py -> /media/asher-abraham/42d2a8ed-c0c5-456c-b13f-3c6a4bcae065/home/asher/Asher/Test_WS/install/ntrip_client/share/ntrip_client/launch
[0.898s] running install_egg_info
[0.910s] Copying ../../build/ntrip_client/ntrip_client.egg-info to /media/asher-abraham/42d2a8ed-c0c5-456c-b13f-3c6a4bcae065/home/asher/Asher/Test_WS/install/ntrip_client/lib/python3.12/site-packages/ntrip_client-0.0.0-py3.12.egg-info
[0.910s] running install_scripts
[0.980s] Installing ntrip_node script to /media/asher-abraham/42d2a8ed-c0c5-456c-b13f-3c6a4bcae065/home/asher/Asher/Test_WS/install/ntrip_client/lib/ntrip_client
[0.980s] Installing simulated_gps_node script to /media/asher-abraham/42d2a8ed-c0c5-456c-b13f-3c6a4bcae065/home/asher/Asher/Test_WS/install/ntrip_client/lib/ntrip_client
[0.981s] writing list of installed files to '/media/asher-abraham/42d2a8ed-c0c5-456c-b13f-3c6a4bcae065/home/asher/Asher/Test_WS/build/ntrip_client/install.log'
[1.004s] Invoked command in '/media/asher-abraham/42d2a8ed-c0c5-456c-b13f-3c6a4bcae065/home/asher/Asher/Test_WS/src/ntrip_client' returned '0': DEBUGINFOD_URLS=https://debuginfod.ubuntu.com PYTHONPATH=/media/asher-abraham/42d2a8ed-c0c5-456c-b13f-3c6a4bcae065/home/asher/Asher/Test_WS/build/ntrip_client/prefix_override:/usr/lib/python3/dist-packages/colcon_core/task/python/colcon_distutils_commands:/media/asher-abraham/42d2a8ed-c0c5-456c-b13f-3c6a4bcae065/home/asher/Asher/Test_WS/install/ntrip_client/lib/python3.12/site-packages:${PYTHONPATH} /usr/bin/python3 -W ignore:setup.py install is deprecated -W ignore:easy_install command is deprecated setup.py egg_info --egg-base ../../build/ntrip_client build --build-base /media/asher-abraham/42d2a8ed-c0c5-456c-b13f-3c6a4bcae065/home/asher/Asher/Test_WS/build/ntrip_client/build install --record /media/asher-abraham/42d2a8ed-c0c5-456c-b13f-3c6a4bcae065/home/asher/Asher/Test_WS/build/ntrip_client/install.log --install-scripts $base/lib/ntrip_client --single-version-externally-managed install_data --force
