[1.079s] Invoking command in '/media/asher-abraham/42d2a8ed-c0c5-456c-b13f-3c6a4bcae065/home/asher/Asher/Test_WS/build/ntrip_client': DEBUGINFOD_URLS=https://debuginfod.ubuntu.com PYTHONPATH=/media/asher-abraham/42d2a8ed-c0c5-456c-b13f-3c6a4bcae065/home/asher/Asher/Test_WS/build/ntrip_client/prefix_override:/usr/lib/python3/dist-packages/colcon_core/task/python/colcon_distutils_commands:/media/asher-abraham/42d2a8ed-c0c5-456c-b13f-3c6a4bcae065/home/asher/Asher/Test_WS/install/ntrip_client/lib/python3.12/site-packages:${PYTHONPATH} /usr/bin/python3 -W ignore:setup.py install is deprecated -W ignore:easy_install command is deprecated setup.py develop --editable --build-directory /media/asher-abraham/42d2a8ed-c0c5-456c-b13f-3c6a4bcae065/home/asher/Asher/Test_WS/build/ntrip_client/build --no-deps symlink_data --force
[1.234s] running develop
[1.312s] running egg_info
[1.321s] writing ntrip_client.egg-info/PKG-INFO
[1.321s] writing dependency_links to ntrip_client.egg-info/dependency_links.txt
[1.321s] writing entry points to ntrip_client.egg-info/entry_points.txt
[1.321s] writing requirements to ntrip_client.egg-info/requires.txt
[1.321s] writing top-level names to ntrip_client.egg-info/top_level.txt
[1.337s] reading manifest file 'ntrip_client.egg-info/SOURCES.txt'
[1.337s] writing manifest file 'ntrip_client.egg-info/SOURCES.txt'
[1.346s] running build_ext
[1.346s] Creating /media/asher-abraham/42d2a8ed-c0c5-456c-b13f-3c6a4bcae065/home/asher/Asher/Test_WS/install/ntrip_client/lib/python3.12/site-packages/ntrip-client.egg-link (link to .)
[1.347s] Installing ntrip_node script to /media/asher-abraham/42d2a8ed-c0c5-456c-b13f-3c6a4bcae065/home/asher/Asher/Test_WS/install/ntrip_client/lib/ntrip_client
[1.347s] Installing simulated_gps_node script to /media/asher-abraham/42d2a8ed-c0c5-456c-b13f-3c6a4bcae065/home/asher/Asher/Test_WS/install/ntrip_client/lib/ntrip_client
[1.347s] 
[1.347s] Installed /media/asher-abraham/42d2a8ed-c0c5-456c-b13f-3c6a4bcae065/home/asher/Asher/Test_WS/build/ntrip_client
[1.347s] running symlink_data
[1.347s] symbolically linking /media/asher-abraham/42d2a8ed-c0c5-456c-b13f-3c6a4bcae065/home/asher/Asher/Test_WS/build/ntrip_client/resource/ntrip_client -> /media/asher-abraham/42d2a8ed-c0c5-456c-b13f-3c6a4bcae065/home/asher/Asher/Test_WS/install/ntrip_client/share/ament_index/resource_index/packages
[1.347s] symbolically linking /media/asher-abraham/42d2a8ed-c0c5-456c-b13f-3c6a4bcae065/home/asher/Asher/Test_WS/build/ntrip_client/package.xml -> /media/asher-abraham/42d2a8ed-c0c5-456c-b13f-3c6a4bcae065/home/asher/Asher/Test_WS/install/ntrip_client/share/ntrip_client
[1.348s] symbolically linking /media/asher-abraham/42d2a8ed-c0c5-456c-b13f-3c6a4bcae065/home/asher/Asher/Test_WS/build/ntrip_client/launch/ntrip.launch.py -> /media/asher-abraham/42d2a8ed-c0c5-456c-b13f-3c6a4bcae065/home/asher/Asher/Test_WS/install/ntrip_client/share/ntrip_client/launch
[1.372s] Invoked command in '/media/asher-abraham/42d2a8ed-c0c5-456c-b13f-3c6a4bcae065/home/asher/Asher/Test_WS/build/ntrip_client' returned '0': DEBUGINFOD_URLS=https://debuginfod.ubuntu.com PYTHONPATH=/media/asher-abraham/42d2a8ed-c0c5-456c-b13f-3c6a4bcae065/home/asher/Asher/Test_WS/build/ntrip_client/prefix_override:/usr/lib/python3/dist-packages/colcon_core/task/python/colcon_distutils_commands:/media/asher-abraham/42d2a8ed-c0c5-456c-b13f-3c6a4bcae065/home/asher/Asher/Test_WS/install/ntrip_client/lib/python3.12/site-packages:${PYTHONPATH} /usr/bin/python3 -W ignore:setup.py install is deprecated -W ignore:easy_install command is deprecated setup.py develop --editable --build-directory /media/asher-abraham/42d2a8ed-c0c5-456c-b13f-3c6a4bcae065/home/asher/Asher/Test_WS/build/ntrip_client/build --no-deps symlink_data --force
